### Result
{"engine":"chrome","version":"152.0.7977.83","results":[{"check":"Probe cookie available as first party","pass":true},{"check":"SameSite=None probe cookie blocked in third-party iframe","pass":true},{"check":"Cookie-restricted iframe commits real booking","pass":true},{"check":"Cookie-restricted booking request excludes the probe cookie","pass":true}],"pass":true}
### Ran Playwright code
```js
await (async (page) => {
 const engine='chrome',results=[];
 const ensure=(condition,message)=>{if(!condition)throw Error(message);results.push({check:message,pass:true});};
 await page.context().setStorageState({cookies:[],origins:[]});
 await page.goto('http://g03-b173db90-f80f-48d7-b4c1-7cf6c1da7258.localhost:3108/');
 if(engine==='chrome'){
  const session=await page.context().newCDPSession(page);
  await session.send('Network.enable');
  await session.send('Network.setCookieControls',{enableThirdPartyCookieRestriction:true});
 }
 if(engine==='webkit')await page.context().addCookies([{name:'g03_cookie_probe',value:'present',domain:await page.evaluate(()=>location.hostname),path:'/',secure:false,httpOnly:false,sameSite:'None'}]);
 else await page.evaluate(()=>{document.cookie='g03_cookie_probe=present; Path=/; SameSite=None; Secure';});
 const planted=await page.evaluate(()=>document.cookie.includes('g03_cookie_probe=present'));
 ensure(planted,'Probe cookie available as first party');
 await page.goto('http://127.0.0.1:3110/inline');
 await page.waitForFunction(()=>document.querySelector('[role=status]').textContent==='');
 const frame=page.frames().find(frame=>frame.url().includes('/embed?'));
 if(engine==='chrome'){
  const session=await page.context().newCDPSession(frame);
  await session.send('Network.enable');
  await session.send('Network.setCookieControls',{enableThirdPartyCookieRestriction:true});
  await frame.goto(frame.url());
  await frame.waitForFunction(()=>document.activeElement.id==='booking-title');
 }
 ensure(!await frame.evaluate(()=>document.cookie.includes('g03_cookie_probe=present')),'SameSite=None probe cookie blocked in third-party iframe');
 await frame.getByRole('button',{name:'G03 lõikus',exact:true}).click();
 await frame.getByRole('button',{name:'Töötaja pole oluline',exact:true}).click();
 await frame.getByRole('textbox',{name:'Valitud kuupäev',exact:true}).fill('2026-09-16');
 await frame.getByRole('list',{name:'Vabad ajad',exact:true}).getByRole('button').last().click();
 await frame.waitForFunction(()=>document.activeElement.id==='booking-title'&&document.activeElement.textContent==='Veel mõned andmed.');
 await frame.getByRole('textbox',{name:'Teenuse saaja nimi *',exact:true}).fill(`G03 ${engine} Cookies`);
 await frame.getByRole('textbox',{name:'Kontaktisiku e-post *',exact:true}).fill(`g03-cookies-${engine}@example.invalid`);
 const pending=page.waitForResponse(response=>response.url().endsWith('/api/bookings')&&response.request().method()==='POST');
 await frame.getByRole('button',{name:'Kinnita broneering',exact:true}).click();
 const response=await pending;
 ensure(response.status()===201,'Cookie-restricted iframe commits real booking');
 const sentCookie=(await response.request().allHeaders()).cookie??'';
 ensure(!sentCookie.includes('g03_cookie_probe'),'Cookie-restricted booking request excludes the probe cookie');
 await frame.getByRole('heading',{name:'Kohtumiseni, G03.',exact:true}).waitFor();
 await page.screenshot({path:`output/playwright/acceptance-g03/${engine}-cookie-restricted.png`,fullPage:true});
 return {engine,version:page.context().browser().version(),results,pass:true};
}

)(page);
```
### Page
- Page URL: http://127.0.0.1:3110/inline
- Page Title: G03 synthetic embedding host
- Console: 0 errors, 1 warnings
### Events
- New console entries: .playwright-cli\console-2026-09-09T17-30-00-682Z.log#L1-L5
